=== ExecuteBuildSpec 'Firmware Wizard' [EXE] target 'My Computer' in LabVIEW\vi.lib\MakerHub\LINX\LMH-LINX.lvproj ===
LabVIEWCLI started logging in file:  C:\Users\ContainerAdministrator\AppData\Local\Temp\lvtemporary_698897.log
Using LabVIEW: "C:\Program Files\National Instruments\LabVIEW 2026\LabVIEW.exe"
LabVIEW launched successfully.
Connection established with LabVIEW at port number 3363.

LabVIEWCLI.exe : Operation output: 
At C:\workspace\.github\labview\build-binaries.ps1:252 char:12
+     $out = & $CliExe @cliArgs 2>&1 | Out-String
+            ~~~~~~~~~~~~~~~~~~~~~~~
    + CategoryInfo          : NotSpecified: (Operation output: :String) [], Re 
   moteException
    + FullyQualifiedErrorId : NativeCommandError
 
Error Code : 1
Error Message : You did not specify any startup VIs. Select a startup VI 
before building the application.









Click the link below to visit the Application Builder support page. Use the 
following information as a reference:



Error 1 occurred at AB_Engine_Build.vi -> AB_Build_Invoke.vi


Possible reason(s):


LabVIEW: (Hex 0x1) An input parameter is invalid. For example if the input is 
a path, the path might contain a character not allowed by the OS such as ? or 
@.
An error occurred while running the ExecuteBuildSpec operation.

ExecuteBuildSpec operation failed.


=== ExecuteBuildSpec 'LINX Apps' [Installer] target 'My Computer' in LabVIEW\vi.lib\MakerHub\LINX\LMH-LINX.lvproj ===
LabVIEWCLI started logging in file:  C:\Users\ContainerAdministrator\AppData\Local\Temp\lvtemporary_254717.log
Using LabVIEW: "C:\Program Files\National Instruments\LabVIEW 2026\LabVIEW.exe"
Connection established with LabVIEW at port number 3363.

LabVIEWCLI.exe : Operation output: 
At C:\workspace\.github\labview\build-binaries.ps1:252 char:12
+     $out = & $CliExe @cliArgs 2>&1 | Out-String
+            ~~~~~~~~~~~~~~~~~~~~~~~
    + CategoryInfo          : NotSpecified: (Operation output: :String) [], Re 
   moteException
    + FullyQualifiedErrorId : NativeCommandError
 
Error Code : 1
Error Message : Error generating preview for Firmware Wizard.









Click the link below to visit the Application Builder support page. Use the 
following information as a reference:



Error -1 occurred at CDK_Utility_GenerateErrorCluster.vi -> 
IB_Source_Container.lvclass:Report_Preview_Error.vi


This error code is undefined. Undefined errors might occur for a number of 
reasons. For example, no one has provided a description for the code, or you 
might have wired a number that is not an error code to the error code input. 

Additionally, undefined error codes might occur because the error relates to a 
third-party object, such as the operating system or ActiveX. For these 
third-party errors, you might be able to obtain a description of the error by 
searching the Web for the error code (-1) or for its hexadecimal 
representation (0xFFFFFFFF).




An error occurred while running the ExecuteBuildSpec operation.

ExecuteBuildSpec operation failed.


Project has no build specifications: LabVIEW\vi.lib\MakerHub\LINX\Private\Templates\BeagleBone Black\BeagleBone Black.lvproj
Project has no build specifications: LabVIEW\vi.lib\MakerHub\LINX\Private\Templates\Raspberry Pi 2 B\Raspberry Pi 2 B.lvproj
